{
  "Defs": [
    {
      "UnitType": "GoPackage",
      "Unit": "othercompany.example.com/otherpkg",
      "Path": ".",
      "Name": "otherpkg",
      "Kind": "package",
      "File": "go/src/othercompany.example.com/otherpkg",
      "DefStart": 0,
      "DefEnd": 0,
      "Exported": true,
      "Data": {
        "Exported": true,
        "PkgName": "otherpkg",
        "TypeString": "",
        "Kind": "package",
        "PackageImportPath": "othercompany.example.com/otherpkg"
      },
      "TreePath": "."
    },
    {
      "UnitType": "GoPackage",
      "Unit": "othercompany.example.com/otherpkg",
      "Path": "Other",
      "Name": "Other",
      "Kind": "func",
      "File": "go/src/othercompany.example.com/otherpkg/otherpkg.go",
      "DefStart": 18,
      "DefEnd": 33,
      "Exported": true,
      "Data": {
        "Exported": true,
        "PkgScope": true,
        "PkgName": "otherpkg",
        "TypeString": "func()",
        "UnderlyingTypeString": "func()",
        "Kind": "func",
        "PackageImportPath": "othercompany.example.com/otherpkg"
      },
      "TreePath": "./Other"
    }
  ],
  "Refs": [
    {
      "DefRepo": "github.com/sgtest/gopath-in-repo",
      "DefUnitType": "GoPackage",
      "DefUnit": "othercompany.example.com/otherpkg",
      "DefPath": ".",
      "Repo": "github.com/sgtest/gopath-in-repo",
      "File": "go/src/othercompany.example.com/otherpkg/otherpkg.go",
      "Start": 8,
      "End": 16
    },
    {
      "DefRepo": "github.com/sgtest/gopath-in-repo",
      "DefUnitType": "GoPackage",
      "DefUnit": "othercompany.example.com/otherpkg",
      "DefPath": "Other",
      "Repo": "github.com/sgtest/gopath-in-repo",
      "Def": true,
      "File": "go/src/othercompany.example.com/otherpkg/otherpkg.go",
      "Start": 23,
      "End": 28
    }
  ]
}