[
  {
    "Raw": "C"
  },
  {
    "Raw": "fmt",
    "Target": {
      "ToRepoCloneURL": "https://code.google.com/p/go",
      "ToUnit": "fmt",
      "ToUnitType": "GoPackage",
      "ToVersionString": "devel +e54b1a srclib",
      "ToRevSpec": ""
    }
  }
]