{
  "Defs": [
    {
      "UnitType": "GoPackage",
      "Unit": "github.com/sgtest/go15vendor",
      "Path": ".",
      "Name": "main",
      "Kind": "package",
      "File": ".",
      "DefStart": 0,
      "DefEnd": 0,
      "Exported": true,
      "Data": {
        "Exported": true,
        "PkgName": "main",
        "TypeString": "",
        "Kind": "package",
        "PackageImportPath": "github.com/sgtest/go15vendor"
      },
      "TreePath": "."
    },
    {
      "UnitType": "GoPackage",
      "Unit": "github.com/sgtest/go15vendor",
      "Path": "main.go/main",
      "Name": "main",
      "Kind": "func",
      "File": "main.go",
      "DefStart": 110,
      "DefEnd": 177,
      "Data": {
        "PkgScope": true,
        "PkgName": "main",
        "TypeString": "func()",
        "UnderlyingTypeString": "func()",
        "Kind": "func",
        "PackageImportPath": "github.com/sgtest/go15vendor"
      },
      "TreePath": "./main/main"
    }
  ],
  "Refs": [
    {
      "DefUnitType": "GoPackage",
      "DefUnit": "github.com/sgtest/go-vendored-lib/hi",
      "DefPath": ".",
      "Unit": "github.com/sgtest/go15vendor",
      "File": "main.go",
      "Start": 137,
      "End": 139
    },
    {
      "DefUnitType": "GoPackage",
      "DefUnit": "github.com/sgtest/go-vendored-lib/hi",
      "DefPath": ".",
      "Unit": "github.com/sgtest/go15vendor",
      "File": "main.go",
      "Start": 32,
      "End": 70
    },
    {
      "DefUnitType": "GoPackage",
      "DefUnit": "github.com/sgtest/go15vendor/bye",
      "DefPath": ".",
      "Unit": "github.com/sgtest/go15vendor",
      "File": "main.go",
      "Start": 162,
      "End": 165
    },
    {
      "DefUnitType": "GoPackage",
      "DefUnit": "github.com/sgtest/go15vendor/bye",
      "DefPath": ".",
      "Unit": "github.com/sgtest/go15vendor",
      "File": "main.go",
      "Start": 72,
      "End": 106
    },
    {
      "DefUnitType": "GoPackage",
      "DefUnit": "github.com/sgtest/go15vendor",
      "DefPath": ".",
      "Unit": "github.com/sgtest/go15vendor",
      "File": "main.go",
      "Start": 8,
      "End": 12
    },
    {
      "DefRepo": "github.com/golang/go",
      "DefUnitType": "GoPackage",
      "DefUnit": "fmt",
      "DefPath": ".",
      "Unit": "github.com/sgtest/go15vendor",
      "File": "main.go",
      "Start": 125,
      "End": 128
    },
    {
      "DefRepo": "github.com/golang/go",
      "DefUnitType": "GoPackage",
      "DefUnit": "fmt",
      "DefPath": ".",
      "Unit": "github.com/sgtest/go15vendor",
      "File": "main.go",
      "Start": 150,
      "End": 153
    },
    {
      "DefRepo": "github.com/golang/go",
      "DefUnitType": "GoPackage",
      "DefUnit": "fmt",
      "DefPath": ".",
      "Unit": "github.com/sgtest/go15vendor",
      "File": "main.go",
      "Start": 24,
      "End": 29
    },
    {
      "DefUnitType": "GoPackage",
      "DefUnit": "github.com/sgtest/go15vendor/bye",
      "DefPath": "GetBye",
      "Unit": "github.com/sgtest/go15vendor",
      "File": "main.go",
      "Start": 166,
      "End": 172
    },
    {
      "DefUnitType": "GoPackage",
      "DefUnit": "github.com/sgtest/go-vendored-lib/hi",
      "DefPath": "GetHi",
      "Unit": "github.com/sgtest/go15vendor",
      "File": "main.go",
      "Start": 140,
      "End": 145
    },
    {
      "DefRepo": "github.com/golang/go",
      "DefUnitType": "GoPackage",
      "DefUnit": "fmt",
      "DefPath": "Println",
      "Unit": "github.com/sgtest/go15vendor",
      "File": "main.go",
      "Start": 129,
      "End": 136
    },
    {
      "DefRepo": "github.com/golang/go",
      "DefUnitType": "GoPackage",
      "DefUnit": "fmt",
      "DefPath": "Println",
      "Unit": "github.com/sgtest/go15vendor",
      "File": "main.go",
      "Start": 154,
      "End": 161
    },
    {
      "DefUnitType": "GoPackage",
      "DefUnit": "github.com/sgtest/go15vendor",
      "DefPath": "main.go/main",
      "Unit": "github.com/sgtest/go15vendor",
      "Def": true,
      "File": "main.go",
      "Start": 115,
      "End": 119
    }
  ]
}