[
  {
    "Raw": "go/types",
    "Target": {
      "ToRepoCloneURL": "https://github.com/golang/go",
      "ToUnit": "go/types",
      "ToUnitType": "GoPackage",
      "ToVersionString": "go1.6",
      "ToRevSpec": ""
    }
  },
  {
    "Raw": "golang.org/x/net/ipv6",
    "Target": {
      "ToRepoCloneURL": "https://github.com/golang/net",
      "ToUnit": "golang.org/x/net/ipv6",
      "ToUnitType": "GoPackage",
      "ToVersionString": "",
      "ToRevSpec": ""
    }
  }
]
