{
  "Defs": [
    {
      "UnitType": "GoPackage",
      "Unit": "runtime",
      "Path": ".",
      "Name": "runtime",
      "Kind": "package",
      "File": "src/runtime",
      "DefStart": 0,
      "DefEnd": 0,
      "Exported": true,
      "Data": {
        "Exported": true,
        "PkgName": "runtime",
        "TypeString": "",
        "Kind": "package",
        "PackageImportPath": "runtime"
      },
      "TreePath": "."
    }
  ],
  "Refs": [
    {
      "DefRepo": "github.com/sgtest/minimal-go-stdlib",
      "DefUnitType": "GoPackage",
      "DefUnit": "runtime",
      "DefPath": ".",
      "Repo": "github.com/sgtest/minimal-go-stdlib",
      "File": "src/runtime/runtime.go",
      "Start": 8,
      "End": 15
    }
  ]
}