{
  "Defs": [
    {
      "UnitType": "GoPackage",
      "Unit": "cmd/go",
      "Path": ".",
      "Name": "main",
      "Kind": "package",
      "File": "src/cmd/go",
      "DefStart": 0,
      "DefEnd": 0,
      "Exported": true,
      "Data": {
        "Exported": true,
        "PkgName": "main",
        "TypeString": "",
        "Kind": "package",
        "PackageImportPath": "cmd/go"
      },
      "TreePath": "."
    },
    {
      "UnitType": "GoPackage",
      "Unit": "cmd/go",
      "Path": "main.go/main",
      "Name": "main",
      "Kind": "func",
      "File": "src/cmd/go/main.go",
      "DefStart": 31,
      "DefEnd": 313,
      "Data": {
        "PkgScope": true,
        "PkgName": "main",
        "TypeString": "func()",
        "UnderlyingTypeString": "func()",
        "Kind": "func",
        "PackageImportPath": "cmd/go"
      },
      "TreePath": "./main/main"
    },
    {
      "UnitType": "GoPackage",
      "Unit": "cmd/go",
      "Path": "main.go/main/v",
      "Name": "v",
      "Kind": "var",
      "File": "src/cmd/go/main.go",
      "DefStart": 284,
      "DefEnd": 304,
      "Local": true,
      "Data": {
        "PkgName": "main",
        "TypeString": "dummy1.MyType",
        "UnderlyingTypeString": "int",
        "Kind": "var",
        "PackageImportPath": "cmd/go"
      },
      "TreePath": "./main/main/v"
    }
  ],
  "Refs": [
    {
      "DefRepo": "github.com/sgtest/minimal-go-stdlib",
      "DefUnitType": "GoPackage",
      "DefUnit": "cmd/go",
      "DefPath": ".",
      "Repo": "github.com/sgtest/minimal-go-stdlib",
      "File": "src/cmd/go/main.go",
      "Start": 8,
      "End": 12
    },
    {
      "DefRepo": "github.com/sgtest/minimal-go-stdlib",
      "DefUnitType": "GoPackage",
      "DefUnit": "dummy0",
      "DefPath": ".",
      "Repo": "github.com/sgtest/minimal-go-stdlib",
      "File": "src/cmd/go/main.go",
      "Start": 21,
      "End": 29
    },
    {
      "DefRepo": "github.com/sgtest/minimal-go-stdlib",
      "DefUnitType": "GoPackage",
      "DefUnit": "dummy0",
      "DefPath": ".",
      "Repo": "github.com/sgtest/minimal-go-stdlib",
      "File": "src/cmd/go/main.go",
      "Start": 289,
      "End": 295
    },
    {
      "DefRepo": "github.com/sgtest/minimal-go-stdlib",
      "DefUnitType": "GoPackage",
      "DefUnit": "dummy0",
      "DefPath": "MyFunc",
      "Repo": "github.com/sgtest/minimal-go-stdlib",
      "File": "src/cmd/go/main.go",
      "Start": 296,
      "End": 302
    },
    {
      "DefRepo": "github.com/sgtest/minimal-go-stdlib",
      "DefUnitType": "GoPackage",
      "DefUnit": "cmd/go",
      "DefPath": "main.go/main/v",
      "Repo": "github.com/sgtest/minimal-go-stdlib",
      "Def": true,
      "File": "src/cmd/go/main.go",
      "Start": 284,
      "End": 285
    },
    {
      "DefRepo": "github.com/sgtest/minimal-go-stdlib",
      "DefUnitType": "GoPackage",
      "DefUnit": "cmd/go",
      "DefPath": "main.go/main/v",
      "Repo": "github.com/sgtest/minimal-go-stdlib",
      "File": "src/cmd/go/main.go",
      "Start": 310,
      "End": 311
    },
    {
      "DefRepo": "github.com/sgtest/minimal-go-stdlib",
      "DefUnitType": "GoPackage",
      "DefUnit": "cmd/go",
      "DefPath": "main.go/main",
      "Repo": "github.com/sgtest/minimal-go-stdlib",
      "Def": true,
      "File": "src/cmd/go/main.go",
      "Start": 36,
      "End": 40
    }
  ]
}