{"Name":"github.com/sgtest/go-sample-0/mypkg/subpkg","Type":"GoPackage","Repo":"github.com/sgtest/go-sample-0","Globs":null,"Files":["mypkg/subpkg/subfoo.go"],"Dir":"","Dependencies":["github.com/sgtest/go-sample-0/mypkg"],"Data":{"AllTags":null,"BinDir":"","CFiles":null,"CXXFiles":null,"CgoCFLAGS":null,"CgoCPPFLAGS":null,"CgoCXXFLAGS":null,"CgoFiles":null,"CgoLDFLAGS":null,"CgoPkgConfig":null,"ConflictDir":"","Dir":"mypkg/subpkg","Doc":"","GoFiles":["subfoo.go"],"Goroot":false,"HFiles":null,"IgnoredGoFiles":null,"ImportPath":"github.com/sgtest/go-sample-0/mypkg/subpkg","ImportPos":null,"Imports":["github.com/sgtest/go-sample-0/mypkg"],"MFiles":null,"Name":"subpkg","PkgObj":"","PkgRoot":"","Root":"","SFiles":null,"SrcRoot":"","SwigCXXFiles":null,"SwigFiles":null,"SysoFiles":null,"TestGoFiles":null,"TestImportPos":null,"TestImports":null,"XTestGoFiles":null,"XTestImportPos":null,"XTestImports":null},"Ops":{"depresolve":null,"graph":null}}
