{
  "Defs": [
    {
      "UnitType": "GoPackage",
      "Unit": "mycompany.example.com/foo",
      "Path": ".",
      "TreePath": ".",
      "Name": "foo",
      "Kind": "package",
      "File": "go/src/mycompany.example.com/foo",
      "DefStart": 0,
      "DefEnd": 0,
      "Exported": true,
      "Local": false,
      "Data": {
        "Exported": true,
        "PkgName": "foo",
        "TypeString": "",
        "Kind": "package",
        "PackageImportPath": "mycompany.example.com/foo"
      }
    },
    {
      "UnitType": "GoPackage",
      "Unit": "mycompany.example.com/foo",
      "Path": "Foo",
      "TreePath": "./Foo",
      "Name": "Foo",
      "Kind": "func",
      "File": "go/src/mycompany.example.com/foo/foo.go",
      "DefStart": 13,
      "DefEnd": 26,
      "Exported": true,
      "Local": false,
      "Data": {
        "Exported": true,
        "PkgScope": true,
        "PkgName": "foo",
        "TypeString": "func()",
        "UnderlyingTypeString": "func()",
        "Kind": "func",
        "PackageImportPath": "mycompany.example.com/foo"
      }
    }
  ],
  "Refs": [
    {
      "DefRepo": "",
      "DefUnitType": "GoPackage",
      "DefUnit": "mycompany.example.com/foo",
      "DefPath": ".",
      "Def": false,
      "Repo": "",
      "File": "go/src/mycompany.example.com/foo/foo.go",
      "Start": 8,
      "End": 11
    },
    {
      "DefRepo": "",
      "DefUnitType": "GoPackage",
      "DefUnit": "mycompany.example.com/foo",
      "DefPath": "Foo",
      "Def": true,
      "Repo": "",
      "File": "go/src/mycompany.example.com/foo/foo.go",
      "Start": 18,
      "End": 21
    }
  ]
}