[{"Raw":"github.com/sgtest/go-sample-0/mypkg","Target":{"ToRepoCloneURL":"","ToUnit":"github.com/sgtest/go-sample-0/mypkg","ToUnitType":"GoPackage","ToVersionString":"","ToRevSpec":""}}]
