{"Name":"github.com/sgtest/go-vendored-lib/hi","Type":"GoPackage","Files":["vendor/github.com/sgtest/go-vendored-lib/hi/hi.go"],"Dir":"vendor/github.com/sgtest/go-vendored-lib/hi","Data":{"AllTags":null,"BinDir":"","CFiles":null,"CXXFiles":null,"CgoCFLAGS":null,"CgoCPPFLAGS":null,"CgoCXXFLAGS":null,"CgoFiles":null,"CgoLDFLAGS":null,"CgoPkgConfig":null,"ConflictDir":"","Dir":"vendor/github.com/sgtest/go-vendored-lib/hi","Doc":"","GoFiles":["hi.go"],"Goroot":false,"HFiles":null,"IgnoredGoFiles":null,"ImportComment":"","ImportPath":"github.com/sgtest/go15vendor/vendor/github.com/sgtest/go-vendored-lib/hi","ImportPos":null,"Imports":[],"InvalidGoFiles":null,"MFiles":null,"Name":"hi","PkgObj":"","PkgRoot":"","PkgTargetRoot":"","Root":"","SFiles":null,"SrcRoot":"","SwigCXXFiles":null,"SwigFiles":null,"SysoFiles":null,"TestGoFiles":null,"TestImportPos":null,"TestImports":[],"XTestGoFiles":null,"XTestImportPos":null,"XTestImports":[]},"Config":{"VendorDirs":["vendor"]},"Ops":{"depresolve":null,"graph-all":null}}
